
 RUN  v4.1.10 /private<web>

 ↓ src/pages/GeneratePage.history-prefill.test.tsx > GeneratePage history prefill with a saved draft > restores route-state history values after choosing history over the saved draft
 ↓ src/pages/GeneratePage.history-prefill.test.tsx > GeneratePage history prefill with a saved draft > reloads a complete aborted-run payload with 題幹 values and every 各小題配置 row
 ↓ src/pages/GeneratePage.history-prefill.test.tsx > GeneratePage history prefill with a saved draft > shows the existing prefill notice and keeps 題幹 values for a partial aborted payload
 ↓ src/pages/GeneratePage.history-prefill.test.tsx > GeneratePage history prefill across learning stages > names dropped 學習表現/學習內容 codes once and deselects them after the grade's pool loads
 × src/pages/GeneratePage.history-prefill.test.tsx > GeneratePage history prefill across learning stages > keeps 全域池 and 各小題配置 codes when the grade-less 第四 pool answers first 263ms
   → expected [] to deeply equal ArrayContaining ["tr-Vc-1", "INc-Vc-1"]
 × src/pages/GeneratePage.history-prefill.test.tsx > GeneratePage history prefill across learning stages > keeps codes and offers no 第四 code when the grade-less pool answers last 206ms
   → expected [] to deeply equal ArrayContaining ["tr-Vc-1", "INc-Vc-1"]
 ✓ src/pages/GeneratePage.history-prefill.test.tsx > GeneratePage history prefill across learning stages > CONTROL: keeps codes when both schema requests return the 第五 pool 280ms

 Test Files  1 failed (1)
      Tests  2 failed | 1 passed | 4 skipped (7)
   Start at  23:00:13
   Duration  1.43s (transform 164ms, setup 39ms, import 213ms, tests 750ms, environment 308ms)

JSON report written to <temporary-reports>/red.json

⎯⎯⎯⎯⎯⎯⎯ Failed Tests 2 ⎯⎯⎯⎯⎯⎯⎯

 FAIL  src/pages/GeneratePage.history-prefill.test.tsx > GeneratePage history prefill across learning stages > keeps 全域池 and 各小題配置 codes when the grade-less 第四 pool answers first
AssertionError: expected [] to deeply equal ArrayContaining ["tr-Vc-1", "INc-Vc-1"]

- Expected
+ Received

- ArrayContaining [
-   "tr-Vc-1",
-   "INc-Vc-1",
- ]
+ []

 ❯ expectReloadedCodes src/pages/GeneratePage.history-prefill.test.tsx:648:33
    646|     const { container } = renderPageWithHistoryState(STAGE_V_HISTORY_P…
    647|     const { subquestionSection, selectedGlobalCodes } = await settledS…
    648|     expect(selectedGlobalCodes).toEqual(expect.arrayContaining(["tr-Vc…
       |                                 ^
    649|     expect(screen.queryByText(/以下代碼不在本年級/)).not.toBeInTheDocument();
    650|     expect(document.body.textContent).not.toMatch(/學習表現: /);
 ❯ src/pages/GeneratePage.history-prefill.test.tsx:704:5

⎯⎯⎯⎯⎯⎯⎯⎯⎯⎯⎯⎯⎯⎯⎯⎯⎯⎯⎯⎯⎯⎯⎯⎯[1/2]⎯

 FAIL  src/pages/GeneratePage.history-prefill.test.tsx > GeneratePage history prefill across learning stages > keeps codes and offers no 第四 code when the grade-less pool answers last
AssertionError: expected [] to deeply equal ArrayContaining ["tr-Vc-1", "INc-Vc-1"]

- Expected
+ Received

- ArrayContaining [
-   "tr-Vc-1",
-   "INc-Vc-1",
- ]
+ []

 ❯ expectReloadedCodes src/pages/GeneratePage.history-prefill.test.tsx:648:33
    646|     const { container } = renderPageWithHistoryState(STAGE_V_HISTORY_P…
    647|     const { subquestionSection, selectedGlobalCodes } = await settledS…
    648|     expect(selectedGlobalCodes).toEqual(expect.arrayContaining(["tr-Vc…
       |                                 ^
    649|     expect(screen.queryByText(/以下代碼不在本年級/)).not.toBeInTheDocument();
    650|     expect(document.body.textContent).not.toMatch(/學習表現: /);
 ❯ src/pages/GeneratePage.history-prefill.test.tsx:711:5

⎯⎯⎯⎯⎯⎯⎯⎯⎯⎯⎯⎯⎯⎯⎯⎯⎯⎯⎯⎯⎯⎯⎯⎯[2/2]⎯
